build	Build debug APK	∩╗┐2026-08-20T23:50:09.8768411Z ##[group]Run gradle :app:assembleDebug --no-daemon
build	Build debug APK	2026-08-20T23:50:09.8768897Z ^[[36;1mgradle :app:assembleDebug --no-daemon^[[0m
build	Build debug APK	2026-08-20T23:50:09.8811728Z shell: /usr/bin/bash -e {0}
build	Build debug APK	2026-08-20T23:50:09.8811999Z env:
build	Build debug APK	2026-08-20T23:50:09.8812698Z   JAVA_HOME: /opt/hostedtoolcache/Java_Temurin-Hotspot_jdk/17.0.20-8/x64
build	Build debug APK	2026-08-20T23:50:09.8813239Z   JAVA_HOME_17_X64: /opt/hostedtoolcache/Java_Temurin-Hotspot_jdk/17.0.20-8/x64
build	Build debug APK	2026-08-20T23:50:09.8813667Z   ANDROID_HOME: /usr/local/lib/android/sdk
build	Build debug APK	2026-08-20T23:50:09.8813965Z   ANDROID_SDK_ROOT: /usr/local/lib/android/sdk
build	Build debug APK	2026-08-20T23:50:09.8814240Z ##[endgroup]
build	Build debug APK	2026-08-20T23:50:15.0589814Z 
build	Build debug APK	2026-08-20T23:50:15.0591588Z Welcome to Gradle 9.7.0!
build	Build debug APK	2026-08-20T23:50:15.0592629Z 
build	Build debug APK	2026-08-20T23:50:15.0593422Z Here are the highlights of this release:
build	Build debug APK	2026-08-20T23:50:15.0595183Z  - Isolated Projects graduates to incubating
build	Build debug APK	2026-08-20T23:50:15.0597203Z  - Broader Configuration Cache compatibility
build	Build debug APK	2026-08-20T23:50:15.0598814Z  - More source locations in problem reports
build	Build debug APK	2026-08-20T23:50:15.0599829Z 
build	Build debug APK	2026-08-20T23:50:15.0601798Z For more details see https://docs.gradle.org/9.7.0/release-notes.html
build	Build debug APK	2026-08-20T23:50:15.0603010Z 
build	Build debug APK	2026-08-20T23:50:15.5583087Z To honour the JVM settings for this build a single-use Daemon process will be forked. For more on this, please refer to https://docs.gradle.org/9.7.0/userguide/gradle_daemon.html#sec:disabling_the_daemon in the Gradle documentation.
build	Build debug APK	2026-08-20T23:50:20.2580797Z Daemon will be stopped at the end of the build 
build	Build debug APK	2026-08-20T23:51:27.1596477Z > Task :app:preBuild UP-TO-DATE
build	Build debug APK	2026-08-20T23:51:27.1611273Z > Task :app:preDebugBuild UP-TO-DATE
build	Build debug APK	2026-08-20T23:51:27.1612748Z > Task :app:mergeDebugNativeDebugMetadata NO-SOURCE
build	Build debug APK	2026-08-20T23:51:27.1613792Z > Task :app:checkKotlinGradlePluginConfigurationErrors
build	Build debug APK	2026-08-20T23:51:34.2593311Z > Task :app:generateDebugResValues
build	Build debug APK	2026-08-20T23:51:34.3583347Z > Task :app:checkDebugAarMetadata
build	Build debug APK	2026-08-20T23:51:34.3592826Z > Task :app:mapDebugSourceSetPaths
build	Build debug APK	2026-08-20T23:51:34.3658794Z > Task :app:generateDebugResources
build	Build debug APK	2026-08-20T23:51:35.7577160Z > Task :app:packageDebugResources
build	Build debug APK	2026-08-20T23:51:36.8577446Z > Task :app:mergeDebugResources
build	Build debug APK	2026-08-20T23:51:37.1583620Z > Task :app:createDebugCompatibleScreenManifests
build	Build debug APK	2026-08-20T23:51:37.1588115Z > Task :app:extractDeepLinksDebug
build	Build debug APK	2026-08-20T23:51:37.2586121Z > Task :app:parseDebugLocalResources
build	Build debug APK	2026-08-20T23:51:37.6583410Z > Task :app:processDebugMainManifest
build	Build debug APK	2026-08-20T23:51:37.7578581Z > Task :app:processDebugManifest
build	Build debug APK	2026-08-20T23:51:37.7579499Z > Task :app:javaPreCompileDebug
build	Build debug APK	2026-08-20T23:51:37.7580031Z > Task :app:mergeDebugShaders
build	Build debug APK	2026-08-20T23:51:37.7580597Z > Task :app:compileDebugShaders NO-SOURCE
build	Build debug APK	2026-08-20T23:51:37.7581233Z > Task :app:processDebugManifestForPackage
build	Build debug APK	2026-08-20T23:51:38.8613378Z > Task :app:generateDebugAssets UP-TO-DATE
build	Build debug APK	2026-08-20T23:51:38.9623300Z > Task :app:mergeDebugAssets
build	Build debug APK	2026-08-20T23:51:38.9682937Z > Task :app:compressDebugAssets
build	Build debug APK	2026-08-20T23:51:38.9712933Z > Task :app:desugarDebugFileDependencies
build	Build debug APK	2026-08-20T23:51:39.6604447Z > Task :app:mergeDebugStartupProfile
build	Build debug APK	2026-08-20T23:51:39.6648819Z > Task :app:mergeDebugJniLibFolders
build	Build debug APK	2026-08-20T23:51:39.6692524Z > Task :app:checkDebugDuplicateClasses
build	Build debug APK	2026-08-20T23:51:39.9609415Z > Task :app:processDebugResources
build	Build debug APK	2026-08-20T23:51:39.9613027Z > Task :app:mergeDebugNativeLibs
build	Build debug APK	2026-08-20T23:52:09.8595543Z > Task :app:mergeExtDexDebug
build	Build debug APK	2026-08-20T23:52:10.5623335Z > Task :app:mergeLibDexDebug
build	Build debug APK	2026-08-20T23:52:10.7592650Z 
build	Build debug APK	2026-08-20T23:52:10.7643187Z > Task :app:stripDebugDebugSymbols
build	Build debug APK	2026-08-20T23:52:10.7653241Z Unable to strip the following libraries, packaging them as they are: libjingle_peerconnection_so.so.
build	Build debug APK	2026-08-20T23:52:11.7592553Z 
build	Build debug APK	2026-08-20T23:52:11.7633251Z > Task :app:validateSigningDebug
build	Build debug APK	2026-08-20T23:52:11.7662952Z > Task :app:writeDebugAppMetadata
build	Build debug APK	2026-08-20T23:52:11.7691428Z > Task :app:writeDebugSigningConfigVersions
build	Build debug APK	2026-08-20T23:52:17.9592906Z e: file:///home/runner/work/airtalk-android/airtalk-android/app/src/main/java/com/airtalk/app/rtc/WebRtcManager.kt:258:9 'onIceGatheringComplete' overrides nothing
build	Build debug APK	2026-08-20T23:52:17.9594688Z 
build	Build debug APK	2026-08-20T23:52:17.9595465Z > Task :app:compileDebugKotlin FAILED
build	Build debug APK	2026-08-20T23:52:18.0576783Z 
build	Build debug APK	2026-08-20T23:52:18.0584372Z [Incubating] Problems report is available at: file:///home/runner/work/airtalk-android/airtalk-android/build/reports/problems/problems-report.html
build	Build debug APK	2026-08-20T23:52:18.0585699Z 
build	Build debug APK	2026-08-20T23:52:18.0586616Z Deprecated Gradle features were used in this build, making it incompatible with Gradle 10.
build	Build debug APK	2026-08-20T23:52:18.0587491Z 
build	Build debug APK	2026-08-20T23:52:18.0592702Z 
build	Build debug APK	2026-08-20T23:52:18.0598373Z You can use '--warning-mode all' to show the individual deprecation warnings and determine if they come from your own scripts or plugins.
build	Build debug APK	2026-08-20T23:52:18.0599670Z 
build	Build debug APK	2026-08-20T23:52:18.0601216Z For more on this, please refer to https://docs.gradle.org/9.7.0/userguide/command_line_interface.html#sec:command_line_warnings in the Gradle documentation.
build	Build debug APK	2026-08-20T23:52:18.0603097Z 30 actionable tasks: 30 executed
build	Build debug APK	2026-08-20T23:52:18.0609763Z FAILURE: Build failed with an exception.
build	Build debug APK	2026-08-20T23:52:18.0610300Z 
build	Build debug APK	2026-08-20T23:52:18.0610708Z * What went wrong:
build	Build debug APK	2026-08-20T23:52:18.0611929Z Execution failed for task ':app:compileDebugKotlin' (registered by plugin 'org.jetbrains.kotlin.android').
build	Build debug APK	2026-08-20T23:52:18.0614362Z > A failure occurred while executing org.jetbrains.kotlin.compilerRunner.GradleCompilerRunnerWithWorkers$GradleKotlinCompilerWorkAction
build	Build debug APK	2026-08-20T23:52:18.0616074Z    > Compilation error. See log for more details
build	Build debug APK	2026-08-20T23:52:18.0616725Z 
build	Build debug APK	2026-08-20T23:52:18.0617091Z * Try:
build	Build debug APK	2026-08-20T23:52:18.0617880Z > Run with --stacktrace option to get the stack trace.
build	Build debug APK	2026-08-20T23:52:18.0618967Z > Run with --info or --debug option to get more log output.
build	Build debug APK	2026-08-20T23:52:18.0620298Z > Run with --scan to get full insights from a Build Scan (powered by Develocity).
build	Build debug APK	2026-08-20T23:52:18.0621502Z > Get more help at https://help.gradle.org.
build	Build debug APK	2026-08-20T23:52:18.0622377Z 
build	Build debug APK	2026-08-20T23:52:18.0622832Z BUILD FAILED in 2m 7s
build	Build debug APK	2026-08-20T23:52:18.5521056Z ##[error]Process completed with exit code 1.
